---
source: partiql-ast/tests/pretty.rs
expression: doc
---
========================================================================================================================================================================================================
trim(trailing from 'test')
========================================================================================================================================================================================================

------------------------------------------------------------------------------------------------------------------------------------------------------------------------------------
trim(trailing:' ', "from":'test')

------------------------------------------------------------------------------------------------------------------------
trim(trailing:' ', "from":'test')

--------------------------------------------------------------------------------
trim(trailing:' ', "from":'test')

----------------------------------------
trim(trailing:' ', "from":'test')

------------------------------
trim(trailing:' ',
  "from":'test')

--------------------
trim(trailing:' ',
  "from":'test')

----------
trim(trailing:' ',
  "from":'test')
