---
source: partiql/tests/pretty.rs
expression: doc
---
========================================================================================================================================================================================================
SELECT a,b FROM (g MATCH (a:%) -[e:%]-> (b:%))
========================================================================================================================================================================================================

------------------------------------------------------------------------------------------------------------------------------------------------------------------------------------
SELECT a, b FROM (g MATCH (a:%) -[e:%]-> (b:%))

------------------------------------------------------------------------------------------------------------------------
SELECT a, b FROM (g MATCH (a:%) -[e:%]-> (b:%))

--------------------------------------------------------------------------------
SELECT a, b FROM (g MATCH (a:%) -[e:%]-> (b:%))

----------------------------------------
SELECT a, b
FROM (g MATCH (a:%) -[e:%]-> (b:%))

------------------------------
SELECT a, b
FROM (g MATCH (a:%) -[e:%]-> (b:%))

--------------------
SELECT a, b
FROM (g MATCH (a:%) -[e:%]-> (b:%))

----------
SELECT a,
  b
FROM (g MATCH (a:%) -[e:%]-> (b:%))
