---
source: partiql/tests/pretty.rs
expression: doc
---
========================================================================================================================================================================================================
SELECT a,b FROM GRAPH_TABLE (g MATCH p = (a:A) -[e:E]-> (b:B))
========================================================================================================================================================================================================

------------------------------------------------------------------------------------------------------------------------------------------------------------------------------------
SELECT a, b FROM GRAPH_TABLE (g MATCH p = (a:A) -[e:E]-> (b:B))

------------------------------------------------------------------------------------------------------------------------
SELECT a, b FROM GRAPH_TABLE (g MATCH p = (a:A) -[e:E]-> (b:B))

--------------------------------------------------------------------------------
SELECT a, b FROM GRAPH_TABLE (g MATCH p = (a:A) -[e:E]-> (b:B))

----------------------------------------
SELECT a, b
FROM GRAPH_TABLE (g MATCH p = (a:A) -[e:E]-> (b:B))

------------------------------
SELECT a, b
FROM GRAPH_TABLE (g MATCH p = (a:A) -[e:E]-> (b:B))

--------------------
SELECT a, b
FROM GRAPH_TABLE (g MATCH p = (a:A) -[e:E]-> (b:B))

----------
SELECT a,
  b
FROM GRAPH_TABLE (g MATCH p = (a:A) -[e:E]-> (b:B))
