---
source: partiql/tests/pretty.rs
expression: doc
---
========================================================================================================================================================================================================
SELECT p FROM (g MATCH p = ANY (a WHERE a.owner='Dave') -[t:Transfer]-> * (b WHERE b.owner='Aretha'))
========================================================================================================================================================================================================

------------------------------------------------------------------------------------------------------------------------------------------------------------------------------------
SELECT p FROM (g MATCH p = ANY (a WHERE (a.owner = 'Dave')) -[t:Transfer]->* (b WHERE (b.owner = 'Aretha')))

------------------------------------------------------------------------------------------------------------------------
SELECT p FROM (g MATCH p = ANY (a WHERE (a.owner = 'Dave')) -[t:Transfer]->* (b WHERE (b.owner = 'Aretha')))

--------------------------------------------------------------------------------
SELECT p
FROM (g MATCH p = ANY (a WHERE (a.owner = 'Dave')) -[t:Transfer]->* (b WHERE (b.owner = 'Aretha')))

----------------------------------------
SELECT p
FROM (g MATCH p = ANY (a WHERE (a.owner = 'Dave')) -[t:Transfer]->* (b WHERE (b.owner = 'Aretha')))

------------------------------
SELECT p
FROM (g MATCH p = ANY (a WHERE (a.owner = 'Dave')) -[t:Transfer]->* (b WHERE (b.owner = 'Aretha')))

--------------------
SELECT p
FROM (g MATCH p = ANY (a WHERE (a.owner = 'Dave')) -[t:Transfer]->* (b WHERE (b.owner = 'Aretha')))

----------
SELECT p
FROM (g MATCH p = ANY (a WHERE (a.owner = 'Dave')) -[t:Transfer]->* (b WHERE (b.owner = 'Aretha')))
