---
source: partiql/tests/pretty.rs
expression: doc
---
========================================================================================================================================================================================================
SELECT * FROM (g MATCH <-/ edge+ fin  /-> )
========================================================================================================================================================================================================

------------------------------------------------------------------------------------------------------------------------------------------------------------------------------------
SELECT * FROM (g MATCH <-/ edge+ fin /->)

------------------------------------------------------------------------------------------------------------------------
SELECT * FROM (g MATCH <-/ edge+ fin /->)

--------------------------------------------------------------------------------
SELECT * FROM (g MATCH <-/ edge+ fin /->)

----------------------------------------
SELECT *
FROM (g MATCH <-/ edge+ fin /->)

------------------------------
SELECT *
FROM (g MATCH <-/ edge+ fin /->)

--------------------
SELECT *
FROM (g MATCH <-/ edge+ fin /->)

----------
SELECT *
FROM (g MATCH <-/ edge+ fin /->)
