---
source: partiql/tests/pretty.rs
expression: doc
---
========================================================================================================================================================================================================
SELECT a,b,c, t1.x as x, t2.y as y FROM (graph MATCH (a) -> (b), (a) -> (c)), table1 as t1, table2 as t2
========================================================================================================================================================================================================

------------------------------------------------------------------------------------------------------------------------------------------------------------------------------------
SELECT a, b, c, t1.x AS x, t2.y AS y FROM (graph MATCH (a) -> (b), (a) -> (c)), table1 AS t1, table2 AS t2

------------------------------------------------------------------------------------------------------------------------
SELECT a, b, c, t1.x AS x, t2.y AS y FROM (graph MATCH (a) -> (b), (a) -> (c)), table1 AS t1, table2 AS t2

--------------------------------------------------------------------------------
SELECT a, b, c, t1.x AS x, t2.y AS y FROM (graph MATCH (a) -> (b), (a) -> (c)),
  table1 AS t1, table2 AS t2

----------------------------------------
SELECT a, b, c, t1.x AS x, t2.y AS y
FROM (graph MATCH (a) -> (b),
    (a) -> (c)), table1 AS t1,
  table2 AS t2

------------------------------
SELECT a, b, c, t1.x AS x,
  t2.y AS y
FROM (graph MATCH (a) -> (b),
    (a) -> (c)), table1 AS t1,
  table2 AS t2

--------------------
SELECT a, b, c,
  t1.x AS x,
  t2.y AS y
FROM (graph MATCH (a) -> (b),
    (a) -> (c)),
  table1 AS t1,
  table2 AS t2

----------
SELECT a,
  b, c,
  t1.x AS x,
  t2.y AS y
FROM (graph MATCH (a) -> (b),
    (a) -> (c)),
  table1 AS t1,
  table2 AS t2
