---
source: partiql/tests/pretty.rs
expression: doc
---
========================================================================================================================================================================================================
SELECT a,b FROM (g MATCH [(a:A)-[e:Edge]->(b:A) WHERE a.owner=b.owner]{2,5})
========================================================================================================================================================================================================

------------------------------------------------------------------------------------------------------------------------------------------------------------------------------------
SELECT a, b FROM g MATCH [(a:A) -[e:Edge]-> (b:A) WHERE (a.owner = b.owner)]{2,5}

------------------------------------------------------------------------------------------------------------------------
SELECT a, b FROM g MATCH [(a:A) -[e:Edge]-> (b:A) WHERE (a.owner = b.owner)]{2,5}

--------------------------------------------------------------------------------
SELECT a, b
FROM g MATCH [(a:A) -[e:Edge]-> (b:A) WHERE (a.owner = b.owner)]{2,5}

----------------------------------------
SELECT a, b
FROM g MATCH [(a:A) -[e:Edge]-> (b:A) WHERE (a.owner = b.owner)]{2,5}

------------------------------
SELECT a, b
FROM g MATCH [(a:A) -[e:Edge]-> (b:A) WHERE (a.owner = b.owner)]{2,5}

--------------------
SELECT a, b
FROM g MATCH [(a:A) -[e:Edge]-> (b:A) WHERE (a.owner = b.owner)]{2,5}

----------
SELECT a,
  b
FROM g MATCH [(a:A) -[e:Edge]-> (b:A) WHERE (a.owner = b.owner)]{2,5}
