---
source: partiql/tests/pretty.rs
expression: doc
---
========================================================================================================================================================================================================
SELECT a,b FROM (g MATCH pathVar = (a:A)(-[e:Edge]->)*(b:B))
========================================================================================================================================================================================================

------------------------------------------------------------------------------------------------------------------------------------------------------------------------------------
SELECT a, b FROM g MATCH pathVar = (a:A) [-[e:Edge]->]* (b:B)

------------------------------------------------------------------------------------------------------------------------
SELECT a, b FROM g MATCH pathVar = (a:A) [-[e:Edge]->]* (b:B)

--------------------------------------------------------------------------------
SELECT a, b FROM g MATCH pathVar = (a:A) [-[e:Edge]->]* (b:B)

----------------------------------------
SELECT a, b
FROM g MATCH pathVar = (a:A) [-[e:Edge]->]* (b:B)

------------------------------
SELECT a, b
FROM g MATCH pathVar = (a:A) [-[e:Edge]->]* (b:B)

--------------------
SELECT a, b
FROM g MATCH pathVar = (a:A) [-[e:Edge]->]* (b:B)

----------
SELECT a,
  b
FROM g MATCH pathVar = (a:A) [-[e:Edge]->]* (b:B)
