---
source: partiql/tests/pretty.rs
expression: doc
---
========================================================================================================================================================================================================
SELECT a,b FROM (g MATCH (a) -[:has]-> (x), (x)-[:contains]->(b))
========================================================================================================================================================================================================

------------------------------------------------------------------------------------------------------------------------------------------------------------------------------------
SELECT a, b FROM (g MATCH (a) -[:has]-> (x), (x) -[:contains]-> (b))

------------------------------------------------------------------------------------------------------------------------
SELECT a, b FROM (g MATCH (a) -[:has]-> (x), (x) -[:contains]-> (b))

--------------------------------------------------------------------------------
SELECT a, b FROM (g MATCH (a) -[:has]-> (x), (x) -[:contains]-> (b))

----------------------------------------
SELECT a, b
FROM (g MATCH (a) -[:has]-> (x),
    (x) -[:contains]-> (b))

------------------------------
SELECT a, b
FROM (g MATCH (a) -[:has]-> (x),
    (x) -[:contains]-> (b))

--------------------
SELECT a, b
FROM (g MATCH (a) -[:has]-> (x),
    (x) -[:contains]-> (b))

----------
SELECT a,
  b
FROM (g MATCH (a) -[:has]-> (x),
    (x) -[:contains]-> (b))
