---
source: partiql/tests/pretty.rs
expression: doc
---
========================================================================================================================================================================================================
(a, b) IN ((1, 2), (3, 4))
========================================================================================================================================================================================================

------------------------------------------------------------------------------------------------------------------------------------------------------------------------------------
[ a, b ] IN [ [ 1, 2 ], [ 3, 4 ] ]

------------------------------------------------------------------------------------------------------------------------
[ a, b ] IN [ [ 1, 2 ], [ 3, 4 ] ]

--------------------------------------------------------------------------------
[ a, b ] IN [ [ 1, 2 ], [ 3, 4 ] ]

----------------------------------------
[ a, b ] IN [ [ 1, 2 ], [ 3, 4 ] ]

------------------------------
[ a, b ] IN [
  [ 1, 2 ],
  [ 3, 4 ]
]

--------------------
[ a, b ] IN [
  [ 1, 2 ],
  [ 3, 4 ]
]

----------
[
  a,
  b
] IN [
  [
    1,
    2
  ],
  [ 3, 4 ]
]
