---
source: partiql/tests/pretty.rs
expression: doc
---
========================================================================================================================================================================================================
SELECT * FROM (g MATCH ( (x)-[e]->*(y) ) |+| (z) ~ (q) )
========================================================================================================================================================================================================

------------------------------------------------------------------------------------------------------------------------------------------------------------------------------------
SELECT * FROM (g MATCH ((x) -[e]->* (y)) |+| (z) ~ (q))

------------------------------------------------------------------------------------------------------------------------
SELECT * FROM (g MATCH ((x) -[e]->* (y)) |+| (z) ~ (q))

--------------------------------------------------------------------------------
SELECT * FROM (g MATCH ((x) -[e]->* (y)) |+| (z) ~ (q))

----------------------------------------
SELECT *
FROM (g MATCH ((x) -[e]->* (y)) |+| (z) ~ (q))

------------------------------
SELECT *
FROM (g MATCH ((x) -[e]->* (y)) |+| (z) ~ (q))

--------------------
SELECT *
FROM (g MATCH ((x) -[e]->* (y)) |+| (z) ~ (q))

----------
SELECT *
FROM (g MATCH ((x) -[e]->* (y)) |+| (z) ~ (q))
