---
source: partiql/tests/pretty.rs
expression: doc
---
========================================================================================================================================================================================================
SELECT * FROM (g MATCH (x)-[e]->*(y) ONE ROW PER MATCH )
========================================================================================================================================================================================================

------------------------------------------------------------------------------------------------------------------------------------------------------------------------------------
SELECT * FROM (g MATCH (x) -[e]->* (y)
  ONE ROW PER MATCH)

------------------------------------------------------------------------------------------------------------------------
SELECT * FROM (g MATCH (x) -[e]->* (y)
  ONE ROW PER MATCH)

--------------------------------------------------------------------------------
SELECT * FROM (g MATCH (x) -[e]->* (y)
  ONE ROW PER MATCH)

----------------------------------------
SELECT * FROM (g MATCH (x) -[e]->* (y)
  ONE ROW PER MATCH)

------------------------------
SELECT *
FROM (g MATCH (x) -[e]->* (y)
  ONE ROW PER MATCH)

--------------------
SELECT *
FROM (g MATCH (x) -[e]->* (y)
  ONE ROW PER MATCH)

----------
SELECT *
FROM (g MATCH (x) -[e]->* (y)
  ONE ROW PER MATCH)
