---
source: partiql-ast/tests/pretty.rs
expression: doc
---
========================================================================================================================================================================================================
POSITION('abc' IN 'abcdefg')
========================================================================================================================================================================================================

------------------------------------------------------------------------------------------------------------------------------------------------------------------------------------
POSITION('abc', "IN":'abcdefg')

------------------------------------------------------------------------------------------------------------------------
POSITION('abc', "IN":'abcdefg')

--------------------------------------------------------------------------------
POSITION('abc', "IN":'abcdefg')

----------------------------------------
POSITION('abc', "IN":'abcdefg')

------------------------------
POSITION('abc',
  "IN":'abcdefg')

--------------------
POSITION('abc',
  "IN":'abcdefg')

----------
POSITION('abc',
  "IN":'abcdefg')
