---
source: extension/partiql-extension-ion/tests/test.rs
expression: "dump_eq::<true, false>(fmt)"
---
`null` = `null` → true
`null` = `null` → true
`null` = `null.bool` → true
`null` = `null.int` → true
`null` = `null.float` → true
`null` = `null.decimal` → true
`null` = `null.timestamp` → true
`null` = `null.string` → true
`null` = `null.symbol` → true
`null` = `null.blob` → true
`null` = `null.clob` → true
`null` = `null.struct` → true
`null` = `null.list` → true
`null` = `null.sexp` → true
`null` = `null` → true
`null` = `null.list` → true
`null` = `null.bool` → true
`null` = `null.int` → true
`null` = `null.decimal` → true
`null` = `null.float` → true
`null` = `null.timestamp` → true
`null` = `null.string` → true
`null` = `null.symbol` → true
`null` = `null.blob` → true
`null` = `null.clob` → true
`null` = `null.struct` → true
`null` = `null.list` → true
`null` = `null.sexp` → true
`-inf` = `-inf` → true
`+inf` = `+inf` → true
`null` = `null` → true
`null` = `null` → true
`null` = `null.bool` → true
`null` = `null.int` → true
`null` = `null.float` → true
`null` = `null.decimal` → true
`null` = `null.timestamp` → true
`null` = `null.string` → true
`null` = `null.symbol` → true
`null` = `null.blob` → true
`null` = `null.clob` → true
`null` = `null.struct` → true
`null` = `null.list` → true
`null` = `null.sexp` → true
`null` = `null` → true
`null` = `null.list` → true
`null` = `null.bool` → true
`null` = `null.int` → true
`null` = `null.decimal` → true
`null` = `null.float` → true
`null` = `null.timestamp` → true
`null` = `null.string` → true
`null` = `null.symbol` → true
`null` = `null.blob` → true
`null` = `null.clob` → true
`null` = `null.struct` → true
`null` = `null.list` → true
`null` = `null.sexp` → true
`null.bool` = `null` → true
`null.bool` = `null` → true
`null.bool` = `null.bool` → true
`null.bool` = `null.int` → true
`null.bool` = `null.float` → true
`null.bool` = `null.decimal` → true
`null.bool` = `null.timestamp` → true
`null.bool` = `null.string` → true
`null.bool` = `null.symbol` → true
`null.bool` = `null.blob` → true
`null.bool` = `null.clob` → true
`null.bool` = `null.struct` → true
`null.bool` = `null.list` → true
`null.bool` = `null.sexp` → true
`null.bool` = `null` → true
`null.bool` = `null.list` → true
`null.bool` = `null.bool` → true
`null.bool` = `null.int` → true
`null.bool` = `null.decimal` → true
`null.bool` = `null.float` → true
`null.bool` = `null.timestamp` → true
`null.bool` = `null.string` → true
`null.bool` = `null.symbol` → true
`null.bool` = `null.blob` → true
`null.bool` = `null.clob` → true
`null.bool` = `null.struct` → true
`null.bool` = `null.list` → true
`null.bool` = `null.sexp` → true
`null.int` = `null` → true
`null.int` = `null` → true
`null.int` = `null.bool` → true
`null.int` = `null.int` → true
`null.int` = `null.float` → true
`null.int` = `null.decimal` → true
`null.int` = `null.timestamp` → true
`null.int` = `null.string` → true
`null.int` = `null.symbol` → true
`null.int` = `null.blob` → true
`null.int` = `null.clob` → true
`null.int` = `null.struct` → true
`null.int` = `null.list` → true
`null.int` = `null.sexp` → true
`null.int` = `null` → true
`null.int` = `null.list` → true
`null.int` = `null.bool` → true
`null.int` = `null.int` → true
`null.int` = `null.decimal` → true
`null.int` = `null.float` → true
`null.int` = `null.timestamp` → true
`null.int` = `null.string` → true
`null.int` = `null.symbol` → true
`null.int` = `null.blob` → true
`null.int` = `null.clob` → true
`null.int` = `null.struct` → true
`null.int` = `null.list` → true
`null.int` = `null.sexp` → true
`null.float` = `null` → true
`null.float` = `null` → true
`null.float` = `null.bool` → true
`null.float` = `null.int` → true
`null.float` = `null.float` → true
`null.float` = `null.decimal` → true
`null.float` = `null.timestamp` → true
`null.float` = `null.string` → true
`null.float` = `null.symbol` → true
`null.float` = `null.blob` → true
`null.float` = `null.clob` → true
`null.float` = `null.struct` → true
`null.float` = `null.list` → true
`null.float` = `null.sexp` → true
`null.float` = `null` → true
`null.float` = `null.list` → true
`null.float` = `null.bool` → true
`null.float` = `null.int` → true
`null.float` = `null.decimal` → true
`null.float` = `null.float` → true
`null.float` = `null.timestamp` → true
`null.float` = `null.string` → true
`null.float` = `null.symbol` → true
`null.float` = `null.blob` → true
`null.float` = `null.clob` → true
`null.float` = `null.struct` → true
`null.float` = `null.list` → true
`null.float` = `null.sexp` → true
`null.decimal` = `null` → true
`null.decimal` = `null` → true
`null.decimal` = `null.bool` → true
`null.decimal` = `null.int` → true
`null.decimal` = `null.float` → true
`null.decimal` = `null.decimal` → true
`null.decimal` = `null.timestamp` → true
`null.decimal` = `null.string` → true
`null.decimal` = `null.symbol` → true
`null.decimal` = `null.blob` → true
`null.decimal` = `null.clob` → true
`null.decimal` = `null.struct` → true
`null.decimal` = `null.list` → true
`null.decimal` = `null.sexp` → true
`null.decimal` = `null` → true
`null.decimal` = `null.list` → true
`null.decimal` = `null.bool` → true
`null.decimal` = `null.int` → true
`null.decimal` = `null.decimal` → true
`null.decimal` = `null.float` → true
`null.decimal` = `null.timestamp` → true
`null.decimal` = `null.string` → true
`null.decimal` = `null.symbol` → true
`null.decimal` = `null.blob` → true
`null.decimal` = `null.clob` → true
`null.decimal` = `null.struct` → true
`null.decimal` = `null.list` → true
`null.decimal` = `null.sexp` → true
`null.timestamp` = `null` → true
`null.timestamp` = `null` → true
`null.timestamp` = `null.bool` → true
`null.timestamp` = `null.int` → true
`null.timestamp` = `null.float` → true
`null.timestamp` = `null.decimal` → true
`null.timestamp` = `null.timestamp` → true
`null.timestamp` = `null.string` → true
`null.timestamp` = `null.symbol` → true
`null.timestamp` = `null.blob` → true
`null.timestamp` = `null.clob` → true
`null.timestamp` = `null.struct` → true
`null.timestamp` = `null.list` → true
`null.timestamp` = `null.sexp` → true
`null.timestamp` = `null` → true
`null.timestamp` = `null.list` → true
`null.timestamp` = `null.bool` → true
`null.timestamp` = `null.int` → true
`null.timestamp` = `null.decimal` → true
`null.timestamp` = `null.float` → true
`null.timestamp` = `null.timestamp` → true
`null.timestamp` = `null.string` → true
`null.timestamp` = `null.symbol` → true
`null.timestamp` = `null.blob` → true
`null.timestamp` = `null.clob` → true
`null.timestamp` = `null.struct` → true
`null.timestamp` = `null.list` → true
`null.timestamp` = `null.sexp` → true
`null.string` = `null` → true
`null.string` = `null` → true
`null.string` = `null.bool` → true
`null.string` = `null.int` → true
`null.string` = `null.float` → true
`null.string` = `null.decimal` → true
`null.string` = `null.timestamp` → true
`null.string` = `null.string` → true
`null.string` = `null.symbol` → true
`null.string` = `null.blob` → true
`null.string` = `null.clob` → true
`null.string` = `null.struct` → true
`null.string` = `null.list` → true
`null.string` = `null.sexp` → true
`null.string` = `null` → true
`null.string` = `null.list` → true
`null.string` = `null.bool` → true
`null.string` = `null.int` → true
`null.string` = `null.decimal` → true
`null.string` = `null.float` → true
`null.string` = `null.timestamp` → true
`null.string` = `null.string` → true
`null.string` = `null.symbol` → true
`null.string` = `null.blob` → true
`null.string` = `null.clob` → true
`null.string` = `null.struct` → true
`null.string` = `null.list` → true
`null.string` = `null.sexp` → true
`null.symbol` = `null` → true
`null.symbol` = `null` → true
`null.symbol` = `null.bool` → true
`null.symbol` = `null.int` → true
`null.symbol` = `null.float` → true
`null.symbol` = `null.decimal` → true
`null.symbol` = `null.timestamp` → true
`null.symbol` = `null.string` → true
`null.symbol` = `null.symbol` → true
`null.symbol` = `null.blob` → true
`null.symbol` = `null.clob` → true
`null.symbol` = `null.struct` → true
`null.symbol` = `null.list` → true
`null.symbol` = `null.sexp` → true
`null.symbol` = `null` → true
`null.symbol` = `null.list` → true
`null.symbol` = `null.bool` → true
`null.symbol` = `null.int` → true
`null.symbol` = `null.decimal` → true
`null.symbol` = `null.float` → true
`null.symbol` = `null.timestamp` → true
`null.symbol` = `null.string` → true
`null.symbol` = `null.symbol` → true
`null.symbol` = `null.blob` → true
`null.symbol` = `null.clob` → true
`null.symbol` = `null.struct` → true
`null.symbol` = `null.list` → true
`null.symbol` = `null.sexp` → true
`null.blob` = `null` → true
`null.blob` = `null` → true
`null.blob` = `null.bool` → true
`null.blob` = `null.int` → true
`null.blob` = `null.float` → true
`null.blob` = `null.decimal` → true
`null.blob` = `null.timestamp` → true
`null.blob` = `null.string` → true
`null.blob` = `null.symbol` → true
`null.blob` = `null.blob` → true
`null.blob` = `null.clob` → true
`null.blob` = `null.struct` → true
`null.blob` = `null.list` → true
`null.blob` = `null.sexp` → true
`null.blob` = `null` → true
`null.blob` = `null.list` → true
`null.blob` = `null.bool` → true
`null.blob` = `null.int` → true
`null.blob` = `null.decimal` → true
`null.blob` = `null.float` → true
`null.blob` = `null.timestamp` → true
`null.blob` = `null.string` → true
`null.blob` = `null.symbol` → true
`null.blob` = `null.blob` → true
`null.blob` = `null.clob` → true
`null.blob` = `null.struct` → true
`null.blob` = `null.list` → true
`null.blob` = `null.sexp` → true
`null.clob` = `null` → true
`null.clob` = `null` → true
`null.clob` = `null.bool` → true
`null.clob` = `null.int` → true
`null.clob` = `null.float` → true
`null.clob` = `null.decimal` → true
`null.clob` = `null.timestamp` → true
`null.clob` = `null.string` → true
`null.clob` = `null.symbol` → true
`null.clob` = `null.blob` → true
`null.clob` = `null.clob` → true
`null.clob` = `null.struct` → true
`null.clob` = `null.list` → true
`null.clob` = `null.sexp` → true
`null.clob` = `null` → true
`null.clob` = `null.list` → true
`null.clob` = `null.bool` → true
`null.clob` = `null.int` → true
`null.clob` = `null.decimal` → true
`null.clob` = `null.float` → true
`null.clob` = `null.timestamp` → true
`null.clob` = `null.string` → true
`null.clob` = `null.symbol` → true
`null.clob` = `null.blob` → true
`null.clob` = `null.clob` → true
`null.clob` = `null.struct` → true
`null.clob` = `null.list` → true
`null.clob` = `null.sexp` → true
`null.struct` = `null` → true
`null.struct` = `null` → true
`null.struct` = `null.bool` → true
`null.struct` = `null.int` → true
`null.struct` = `null.float` → true
`null.struct` = `null.decimal` → true
`null.struct` = `null.timestamp` → true
`null.struct` = `null.string` → true
`null.struct` = `null.symbol` → true
`null.struct` = `null.blob` → true
`null.struct` = `null.clob` → true
`null.struct` = `null.struct` → true
`null.struct` = `null.list` → true
`null.struct` = `null.sexp` → true
`null.struct` = `null` → true
`null.struct` = `null.list` → true
`null.struct` = `null.bool` → true
`null.struct` = `null.int` → true
`null.struct` = `null.decimal` → true
`null.struct` = `null.float` → true
`null.struct` = `null.timestamp` → true
`null.struct` = `null.string` → true
`null.struct` = `null.symbol` → true
`null.struct` = `null.blob` → true
`null.struct` = `null.clob` → true
`null.struct` = `null.struct` → true
`null.struct` = `null.list` → true
`null.struct` = `null.sexp` → true
`null.list` = `null` → true
`null.list` = `null` → true
`null.list` = `null.bool` → true
`null.list` = `null.int` → true
`null.list` = `null.float` → true
`null.list` = `null.decimal` → true
`null.list` = `null.timestamp` → true
`null.list` = `null.string` → true
`null.list` = `null.symbol` → true
`null.list` = `null.blob` → true
`null.list` = `null.clob` → true
`null.list` = `null.struct` → true
`null.list` = `null.list` → true
`null.list` = `null.sexp` → true
`null.list` = `null` → true
`null.list` = `null.list` → true
`null.list` = `null.bool` → true
`null.list` = `null.int` → true
`null.list` = `null.decimal` → true
`null.list` = `null.float` → true
`null.list` = `null.timestamp` → true
`null.list` = `null.string` → true
`null.list` = `null.symbol` → true
`null.list` = `null.blob` → true
`null.list` = `null.clob` → true
`null.list` = `null.struct` → true
`null.list` = `null.list` → true
`null.list` = `null.sexp` → true
`null.sexp` = `null` → true
`null.sexp` = `null` → true
`null.sexp` = `null.bool` → true
`null.sexp` = `null.int` → true
`null.sexp` = `null.float` → true
`null.sexp` = `null.decimal` → true
`null.sexp` = `null.timestamp` → true
`null.sexp` = `null.string` → true
`null.sexp` = `null.symbol` → true
`null.sexp` = `null.blob` → true
`null.sexp` = `null.clob` → true
`null.sexp` = `null.struct` → true
`null.sexp` = `null.list` → true
`null.sexp` = `null.sexp` → true
`null.sexp` = `null` → true
`null.sexp` = `null.list` → true
`null.sexp` = `null.bool` → true
`null.sexp` = `null.int` → true
`null.sexp` = `null.decimal` → true
`null.sexp` = `null.float` → true
`null.sexp` = `null.timestamp` → true
`null.sexp` = `null.string` → true
`null.sexp` = `null.symbol` → true
`null.sexp` = `null.blob` → true
`null.sexp` = `null.clob` → true
`null.sexp` = `null.struct` → true
`null.sexp` = `null.list` → true
`null.sexp` = `null.sexp` → true
`null` = `null` → true
`null` = `null` → true
`null` = `null.bool` → true
`null` = `null.int` → true
`null` = `null.float` → true
`null` = `null.decimal` → true
`null` = `null.timestamp` → true
`null` = `null.string` → true
`null` = `null.symbol` → true
`null` = `null.blob` → true
`null` = `null.clob` → true
`null` = `null.struct` → true
`null` = `null.list` → true
`null` = `null.sexp` → true
`null` = `null` → true
`null` = `null.list` → true
`null` = `null.bool` → true
`null` = `null.int` → true
`null` = `null.decimal` → true
`null` = `null.float` → true
`null` = `null.timestamp` → true
`null` = `null.string` → true
`null` = `null.symbol` → true
`null` = `null.blob` → true
`null` = `null.clob` → true
`null` = `null.struct` → true
`null` = `null.list` → true
`null` = `null.sexp` → true
`'null'` = `'null'` → true
`null.list` = `null` → true
`null.list` = `null` → true
`null.list` = `null.bool` → true
`null.list` = `null.int` → true
`null.list` = `null.float` → true
`null.list` = `null.decimal` → true
`null.list` = `null.timestamp` → true
`null.list` = `null.string` → true
`null.list` = `null.symbol` → true
`null.list` = `null.blob` → true
`null.list` = `null.clob` → true
`null.list` = `null.struct` → true
`null.list` = `null.list` → true
`null.list` = `null.sexp` → true
`null.list` = `null` → true
`null.list` = `null.list` → true
`null.list` = `null.bool` → true
`null.list` = `null.int` → true
`null.list` = `null.decimal` → true
`null.list` = `null.float` → true
`null.list` = `null.timestamp` → true
`null.list` = `null.string` → true
`null.list` = `null.symbol` → true
`null.list` = `null.blob` → true
`null.list` = `null.clob` → true
`null.list` = `null.struct` → true
`null.list` = `null.list` → true
`null.list` = `null.sexp` → true
`'null.int'` = `'null.int'` → true
`null.bool` = `null` → true
`null.bool` = `null` → true
`null.bool` = `null.bool` → true
`null.bool` = `null.int` → true
`null.bool` = `null.float` → true
`null.bool` = `null.decimal` → true
`null.bool` = `null.timestamp` → true
`null.bool` = `null.string` → true
`null.bool` = `null.symbol` → true
`null.bool` = `null.blob` → true
`null.bool` = `null.clob` → true
`null.bool` = `null.struct` → true
`null.bool` = `null.list` → true
`null.bool` = `null.sexp` → true
`null.bool` = `null` → true
`null.bool` = `null.list` → true
`null.bool` = `null.bool` → true
`null.bool` = `null.int` → true
`null.bool` = `null.decimal` → true
`null.bool` = `null.float` → true
`null.bool` = `null.timestamp` → true
`null.bool` = `null.string` → true
`null.bool` = `null.symbol` → true
`null.bool` = `null.blob` → true
`null.bool` = `null.clob` → true
`null.bool` = `null.struct` → true
`null.bool` = `null.list` → true
`null.bool` = `null.sexp` → true
`true` = `true` → true
`false` = `false` → true
`null.int` = `null` → true
`null.int` = `null` → true
`null.int` = `null.bool` → true
`null.int` = `null.int` → true
`null.int` = `null.float` → true
`null.int` = `null.decimal` → true
`null.int` = `null.timestamp` → true
`null.int` = `null.string` → true
`null.int` = `null.symbol` → true
`null.int` = `null.blob` → true
`null.int` = `null.clob` → true
`null.int` = `null.struct` → true
`null.int` = `null.list` → true
`null.int` = `null.sexp` → true
`null.int` = `null` → true
`null.int` = `null.list` → true
`null.int` = `null.bool` → true
`null.int` = `null.int` → true
`null.int` = `null.decimal` → true
`null.int` = `null.float` → true
`null.int` = `null.timestamp` → true
`null.int` = `null.string` → true
`null.int` = `null.symbol` → true
`null.int` = `null.blob` → true
`null.int` = `null.clob` → true
`null.int` = `null.struct` → true
`null.int` = `null.list` → true
`null.int` = `null.sexp` → true
`0` = `0` → true
`0` = `0` → true
`0` = `0` → true
`0` = `0` → true
`123` = `123` → true
`123` = `123` → true
`-123` = `-123` → true
`48879` = `48879` → true
`5` = `5` → true
`123` = `123` → true
`123` = `123` → true
`64206` = `64206` → true
`42` = `42` → true
`_1` = `_1` → true
`null.decimal` = `null` → true
`null.decimal` = `null` → true
`null.decimal` = `null.bool` → true
`null.decimal` = `null.int` → true
`null.decimal` = `null.float` → true
`null.decimal` = `null.decimal` → true
`null.decimal` = `null.timestamp` → true
`null.decimal` = `null.string` → true
`null.decimal` = `null.symbol` → true
`null.decimal` = `null.blob` → true
`null.decimal` = `null.clob` → true
`null.decimal` = `null.struct` → true
`null.decimal` = `null.list` → true
`null.decimal` = `null.sexp` → true
`null.decimal` = `null` → true
`null.decimal` = `null.list` → true
`null.decimal` = `null.bool` → true
`null.decimal` = `null.int` → true
`null.decimal` = `null.decimal` → true
`null.decimal` = `null.float` → true
`null.decimal` = `null.timestamp` → true
`null.decimal` = `null.string` → true
`null.decimal` = `null.symbol` → true
`null.decimal` = `null.blob` → true
`null.decimal` = `null.clob` → true
`null.decimal` = `null.struct` → true
`null.decimal` = `null.list` → true
`null.decimal` = `null.sexp` → true
`null.float` = `null` → true
`null.float` = `null` → true
`null.float` = `null.bool` → true
`null.float` = `null.int` → true
`null.float` = `null.float` → true
`null.float` = `null.decimal` → true
`null.float` = `null.timestamp` → true
`null.float` = `null.string` → true
`null.float` = `null.symbol` → true
`null.float` = `null.blob` → true
`null.float` = `null.clob` → true
`null.float` = `null.struct` → true
`null.float` = `null.list` → true
`null.float` = `null.sexp` → true
`null.float` = `null` → true
`null.float` = `null.list` → true
`null.float` = `null.bool` → true
`null.float` = `null.int` → true
`null.float` = `null.decimal` → true
`null.float` = `null.float` → true
`null.float` = `null.timestamp` → true
`null.float` = `null.string` → true
`null.float` = `null.symbol` → true
`null.float` = `null.blob` → true
`null.float` = `null.clob` → true
`null.float` = `null.struct` → true
`null.float` = `null.list` → true
`null.float` = `null.sexp` → true
`0.123` = `0.123` → true
`-1.2e3` = `-1.2e3` → true
`-12d2` = `-12d2` → true
`0e0` = `0e0` → true
`0e0` = `-0e0` → true
`0.` = `0.` → true
`0.` = `0.` → true
`0.` = `-0.` → true
`0.` = `-0.` → true
`0.` = `-0.0` → true
`0.` = `0.` → true
`0.` = `0.` → true
`0.` = `-0.` → true
`0.` = `-0.` → true
`0.` = `-0.0` → true
`-0e0` = `0e0` → true
`-0e0` = `-0e0` → true
`-0.` = `0.` → true
`-0.` = `0.` → true
`-0.` = `-0.` → true
`-0.` = `-0.` → true
`-0.` = `-0.0` → true
`-0.` = `0.` → true
`-0.` = `0.` → true
`-0.` = `-0.` → true
`-0.` = `-0.` → true
`-0.` = `-0.0` → true
`-0.0` = `0.` → true
`-0.0` = `0.` → true
`-0.0` = `-0.` → true
`-0.0` = `-0.` → true
`-0.0` = `-0.0` → true
`123456.789012` = `123456.789012` → true
`null.timestamp` = `null` → true
`null.timestamp` = `null` → true
`null.timestamp` = `null.bool` → true
`null.timestamp` = `null.int` → true
`null.timestamp` = `null.float` → true
`null.timestamp` = `null.decimal` → true
`null.timestamp` = `null.timestamp` → true
`null.timestamp` = `null.string` → true
`null.timestamp` = `null.symbol` → true
`null.timestamp` = `null.blob` → true
`null.timestamp` = `null.clob` → true
`null.timestamp` = `null.struct` → true
`null.timestamp` = `null.list` → true
`null.timestamp` = `null.sexp` → true
`null.timestamp` = `null` → true
`null.timestamp` = `null.list` → true
`null.timestamp` = `null.bool` → true
`null.timestamp` = `null.int` → true
`null.timestamp` = `null.decimal` → true
`null.timestamp` = `null.float` → true
`null.timestamp` = `null.timestamp` → true
`null.timestamp` = `null.string` → true
`null.timestamp` = `null.symbol` → true
`null.timestamp` = `null.blob` → true
`null.timestamp` = `null.clob` → true
`null.timestamp` = `null.struct` → true
`null.timestamp` = `null.list` → true
`null.timestamp` = `null.sexp` → true
`2007-02-23T12:14+00:00` = `2007-02-23T12:14+00:00` → true
`2007-02-23T12:14:33.079-08:00` = `2007-02-23T12:14:33.079-08:00` → true
`2007-02-23T12:14:33.079-08:00` = `2007-02-23T20:14:33.079+00:00` → true
`2007-02-23T12:14:33.079-08:00` = `2007-02-23T20:14:33.079+00:00` → true
`2007-02-23T12:14:33.079-08:00` = `2007-02-23T20:14:33.079-00:00` → true
`2007-02-23T20:14:33.079+00:00` = `2007-02-23T12:14:33.079-08:00` → true
`2007-02-23T20:14:33.079+00:00` = `2007-02-23T20:14:33.079+00:00` → true
`2007-02-23T20:14:33.079+00:00` = `2007-02-23T20:14:33.079+00:00` → true
`2007-02-23T20:14:33.079+00:00` = `2007-02-23T20:14:33.079-00:00` → true
`2007-02-23T20:14:33.079+00:00` = `2007-02-23T12:14:33.079-08:00` → true
`2007-02-23T20:14:33.079+00:00` = `2007-02-23T20:14:33.079+00:00` → true
`2007-02-23T20:14:33.079+00:00` = `2007-02-23T20:14:33.079+00:00` → true
`2007-02-23T20:14:33.079+00:00` = `2007-02-23T20:14:33.079-00:00` → true
`2007-02-23T20:14:33.079-00:00` = `2007-02-23T12:14:33.079-08:00` → true
`2007-02-23T20:14:33.079-00:00` = `2007-02-23T20:14:33.079+00:00` → true
`2007-02-23T20:14:33.079-00:00` = `2007-02-23T20:14:33.079+00:00` → true
`2007-02-23T20:14:33.079-00:00` = `2007-02-23T20:14:33.079-00:00` → true
`2007-01-01T00:00-00:00` = `2007-01-01T00:00-00:00` → true
`2007-01-01T00:00-00:00` = `2007-01-01T` → true
`2007-01-01T00:00-00:00` = `2007-01-01T` → true
`2007-01-01T00:00-00:00` = `2007-01T` → true
`2007-01-01T00:00-00:00` = `2007T` → true
`2007-01-01T` = `2007-01-01T00:00-00:00` → true
`2007-01-01T` = `2007-01-01T` → true
`2007-01-01T` = `2007-01-01T` → true
`2007-01-01T` = `2007-01T` → true
`2007-01-01T` = `2007T` → true
`2007-01-01T` = `2007-01-01T00:00-00:00` → true
`2007-01-01T` = `2007-01-01T` → true
`2007-01-01T` = `2007-01-01T` → true
`2007-01-01T` = `2007-01T` → true
`2007-01-01T` = `2007T` → true
`2007-01T` = `2007-01-01T00:00-00:00` → true
`2007-01T` = `2007-01-01T` → true
`2007-01T` = `2007-01-01T` → true
`2007-01T` = `2007-01T` → true
`2007-01T` = `2007T` → true
`2007T` = `2007-01-01T00:00-00:00` → true
`2007T` = `2007-01-01T` → true
`2007T` = `2007-01-01T` → true
`2007T` = `2007-01T` → true
`2007T` = `2007T` → true
`2007-02-23T` = `2007-02-23T` → true
`2007-02-23T` = `2007-02-23T00:00+00:00` → true
`2007-02-23T` = `2007-02-23T00:00+00:00` → true
`2007-02-23T` = `2007-02-23T00:00:00-00:00` → true
`2007-02-23T00:00+00:00` = `2007-02-23T` → true
`2007-02-23T00:00+00:00` = `2007-02-23T00:00+00:00` → true
`2007-02-23T00:00+00:00` = `2007-02-23T00:00+00:00` → true
`2007-02-23T00:00+00:00` = `2007-02-23T00:00:00-00:00` → true
`2007-02-23T00:00+00:00` = `2007-02-23T` → true
`2007-02-23T00:00+00:00` = `2007-02-23T00:00+00:00` → true
`2007-02-23T00:00+00:00` = `2007-02-23T00:00+00:00` → true
`2007-02-23T00:00+00:00` = `2007-02-23T00:00:00-00:00` → true
`2007-02-23T00:00:00-00:00` = `2007-02-23T` → true
`2007-02-23T00:00:00-00:00` = `2007-02-23T00:00+00:00` → true
`2007-02-23T00:00:00-00:00` = `2007-02-23T00:00+00:00` → true
`2007-02-23T00:00:00-00:00` = `2007-02-23T00:00:00-00:00` → true
`2007` = `2007` → true
`2000T` = `2000T` → true
`2000T` = `2000-01-01T00:00:00+00:00` → true
`2000-01-01T00:00:00+00:00` = `2000T` → true
`2000-01-01T00:00:00+00:00` = `2000-01-01T00:00:00+00:00` → true
`2000-01-01T00:00:00.000+00:00` = `2000-01-01T00:00:00.000+00:00` → true
`2000-01-01T00:00:00.000+00:00` = `2000-01-01T00:00:00.000-00:00` → true
`2000-01-01T00:00:00.000-00:00` = `2000-01-01T00:00:00.000+00:00` → true
`2000-01-01T00:00:00.000-00:00` = `2000-01-01T00:00:00.000-00:00` → true
`null.string` = `null` → true
`null.string` = `null` → true
`null.string` = `null.bool` → true
`null.string` = `null.int` → true
`null.string` = `null.float` → true
`null.string` = `null.decimal` → true
`null.string` = `null.timestamp` → true
`null.string` = `null.string` → true
`null.string` = `null.symbol` → true
`null.string` = `null.blob` → true
`null.string` = `null.clob` → true
`null.string` = `null.struct` → true
`null.string` = `null.list` → true
`null.string` = `null.sexp` → true
`null.string` = `null` → true
`null.string` = `null.list` → true
`null.string` = `null.bool` → true
`null.string` = `null.int` → true
`null.string` = `null.decimal` → true
`null.string` = `null.float` → true
`null.string` = `null.timestamp` → true
`null.string` = `null.string` → true
`null.string` = `null.symbol` → true
`null.string` = `null.blob` → true
`null.string` = `null.clob` → true
`null.string` = `null.struct` → true
`null.string` = `null.list` → true
`null.string` = `null.sexp` → true
`""` = `""` → true
`" my string "` = `" my string "` → true
`"\""` = `"\""` → true
`"ꯍ"` = `"ꯍ"` → true
`xml::"<e a=\'v\'>c<\/e>"` = `xml::"<e a=\'v\'>c<\/e>"` → true
`("hello world!")` = `("hello world!")` → true
`("hello world!")` = `("hello world!")` → true
`("hello world!")` = `("hello world!")` → true
`("hello world!")` = `("hello world!")` → true
`"The first line of the string.\nThis is the second line of the string,\nand this is the third line.\n"` = `"The first line of the string.\nThis is the second line of the string,\nand this is the third line.\n"` → true
`null.symbol` = `null` → true
`null.symbol` = `null` → true
`null.symbol` = `null.bool` → true
`null.symbol` = `null.int` → true
`null.symbol` = `null.float` → true
`null.symbol` = `null.decimal` → true
`null.symbol` = `null.timestamp` → true
`null.symbol` = `null.string` → true
`null.symbol` = `null.symbol` → true
`null.symbol` = `null.blob` → true
`null.symbol` = `null.clob` → true
`null.symbol` = `null.struct` → true
`null.symbol` = `null.list` → true
`null.symbol` = `null.sexp` → true
`null.symbol` = `null` → true
`null.symbol` = `null.list` → true
`null.symbol` = `null.bool` → true
`null.symbol` = `null.int` → true
`null.symbol` = `null.decimal` → true
`null.symbol` = `null.float` → true
`null.symbol` = `null.timestamp` → true
`null.symbol` = `null.string` → true
`null.symbol` = `null.symbol` → true
`null.symbol` = `null.blob` → true
`null.symbol` = `null.clob` → true
`null.symbol` = `null.struct` → true
`null.symbol` = `null.list` → true
`null.symbol` = `null.sexp` → true
`myVar2` = `myVar2` → true
`myVar2` = `myVar2` → true
`myVar2` = `myVar2` → true
`myVar2` = `myVar2` → true
`myvar2` = `myvar2` → true
`'hi ho'` = `'hi ho'` → true
`'\'ahoy\''` = `'\'ahoy\''` → true
`''` = `''` → true
`(x '+' y)` = `(x '+' y)` → true
`(x '+' y)` = `(x '+' y)` → true
`(x '+' y)` = `(x '+' y)` → true
`(x '+' y)` = `(x '+' y)` → true
`(x '+' y)` = `(x '+' y)` → true
`(x '+' y)` = `(x '+' y)` → true
`(x '+' y)` = `(x '+' y)` → true
`(x '+' y)` = `(x '+' y)` → true
`(x '+' y)` = `(x '+' y)` → true
`(a '==' b '&&' c '==' d)` = `(a '==' b '&&' c '==' d)` → true
`null.blob` = `null` → true
`null.blob` = `null` → true
`null.blob` = `null.bool` → true
`null.blob` = `null.int` → true
`null.blob` = `null.float` → true
`null.blob` = `null.decimal` → true
`null.blob` = `null.timestamp` → true
`null.blob` = `null.string` → true
`null.blob` = `null.symbol` → true
`null.blob` = `null.blob` → true
`null.blob` = `null.clob` → true
`null.blob` = `null.struct` → true
`null.blob` = `null.list` → true
`null.blob` = `null.sexp` → true
`null.blob` = `null` → true
`null.blob` = `null.list` → true
`null.blob` = `null.bool` → true
`null.blob` = `null.int` → true
`null.blob` = `null.decimal` → true
`null.blob` = `null.float` → true
`null.blob` = `null.timestamp` → true
`null.blob` = `null.string` → true
`null.blob` = `null.symbol` → true
`null.blob` = `null.blob` → true
`null.blob` = `null.clob` → true
`null.blob` = `null.struct` → true
`null.blob` = `null.list` → true
`null.blob` = `null.sexp` → true
`{{+AB/}}` = `{{+AB/}}` → true
`{{VG8gaW5maW5pdHkuLi4gYW5kIGJleW9uZCE=}}` = `{{VG8gaW5maW5pdHkuLi4gYW5kIGJleW9uZCE=}}` → true
`{{dHdvIHBhZGRpbmcgY2hhcmFjdGVycw==}}` = `{{dHdvIHBhZGRpbmcgY2hhcmFjdGVycw==}}` → true
`null.clob` = `null` → true
`null.clob` = `null` → true
`null.clob` = `null.bool` → true
`null.clob` = `null.int` → true
`null.clob` = `null.float` → true
`null.clob` = `null.decimal` → true
`null.clob` = `null.timestamp` → true
`null.clob` = `null.string` → true
`null.clob` = `null.symbol` → true
`null.clob` = `null.blob` → true
`null.clob` = `null.clob` → true
`null.clob` = `null.struct` → true
`null.clob` = `null.list` → true
`null.clob` = `null.sexp` → true
`null.clob` = `null` → true
`null.clob` = `null.list` → true
`null.clob` = `null.bool` → true
`null.clob` = `null.int` → true
`null.clob` = `null.decimal` → true
`null.clob` = `null.float` → true
`null.clob` = `null.timestamp` → true
`null.clob` = `null.string` → true
`null.clob` = `null.symbol` → true
`null.clob` = `null.blob` → true
`null.clob` = `null.clob` → true
`null.clob` = `null.struct` → true
`null.clob` = `null.list` → true
`null.clob` = `null.sexp` → true
`{{"This is a CLOB of text."}}` = `{{"This is a CLOB of text."}}` → true
`shift_jis::{{"Another clob with user-defined encoding, this time on multiple lines."}}` = `shift_jis::{{"Another clob with user-defined encoding, this time on multiple lines."}}` → true
`null.struct` = `null` → true
`null.struct` = `null` → true
`null.struct` = `null.bool` → true
`null.struct` = `null.int` → true
`null.struct` = `null.float` → true
`null.struct` = `null.decimal` → true
`null.struct` = `null.timestamp` → true
`null.struct` = `null.string` → true
`null.struct` = `null.symbol` → true
`null.struct` = `null.blob` → true
`null.struct` = `null.clob` → true
`null.struct` = `null.struct` → true
`null.struct` = `null.list` → true
`null.struct` = `null.sexp` → true
`null.struct` = `null` → true
`null.struct` = `null.list` → true
`null.struct` = `null.bool` → true
`null.struct` = `null.int` → true
`null.struct` = `null.decimal` → true
`null.struct` = `null.float` → true
`null.struct` = `null.timestamp` → true
`null.struct` = `null.string` → true
`null.struct` = `null.symbol` → true
`null.struct` = `null.blob` → true
`null.struct` = `null.clob` → true
`null.struct` = `null.struct` → true
`null.struct` = `null.list` → true
`null.struct` = `null.sexp` → true
`{}` = `{}` → true
`{first: "Tom", last: "Riddle"}` = `{first: "Tom", last: "Riddle"}` → true
`{first: "Tom", last: "Riddle"}` = `{first: "Tom", last: "Riddle"}` → true
`{first: "Tom", last: "Riddle"}` = `{first: "Tom", last: "Riddle"}` → true
`{first: "Tom", last: "Riddle"}` = `{first: "Tom", last: "Riddle"}` → true
`{center: {x: 1.0, y: 12.5}, radius: 3}` = `{center: {x: 1.0, y: 12.5}, radius: 3}` → true
`{x: 1}` = `{x: 1}` → true
`{'': 42}` = `{'': 42}` → true
`{x: 1, x: null.int}` = `{x: 1, x: null.int}` → true
`{field_name: annotation::value}` = `{field_name: annotation::value}` → true
`null.list` = `null` → true
`null.list` = `null` → true
`null.list` = `null.bool` → true
`null.list` = `null.int` → true
`null.list` = `null.float` → true
`null.list` = `null.decimal` → true
`null.list` = `null.timestamp` → true
`null.list` = `null.string` → true
`null.list` = `null.symbol` → true
`null.list` = `null.blob` → true
`null.list` = `null.clob` → true
`null.list` = `null.struct` → true
`null.list` = `null.list` → true
`null.list` = `null.sexp` → true
`null.list` = `null` → true
`null.list` = `null.list` → true
`null.list` = `null.bool` → true
`null.list` = `null.int` → true
`null.list` = `null.decimal` → true
`null.list` = `null.float` → true
`null.list` = `null.timestamp` → true
`null.list` = `null.string` → true
`null.list` = `null.symbol` → true
`null.list` = `null.blob` → true
`null.list` = `null.clob` → true
`null.list` = `null.struct` → true
`null.list` = `null.list` → true
`null.list` = `null.sexp` → true
`[]` = `[]` → true
`[1, 2, 3]` = `[1, 2, 3]` → true
`[1, two]` = `[1, two]` → true
`[a, [b]]` = `[a, [b]]` → true
`[1.2]` = `[1.2]` → true
`null.sexp` = `null` → true
`null.sexp` = `null` → true
`null.sexp` = `null.bool` → true
`null.sexp` = `null.int` → true
`null.sexp` = `null.float` → true
`null.sexp` = `null.decimal` → true
`null.sexp` = `null.timestamp` → true
`null.sexp` = `null.string` → true
`null.sexp` = `null.symbol` → true
`null.sexp` = `null.blob` → true
`null.sexp` = `null.clob` → true
`null.sexp` = `null.struct` → true
`null.sexp` = `null.list` → true
`null.sexp` = `null.sexp` → true
`null.sexp` = `null` → true
`null.sexp` = `null.list` → true
`null.sexp` = `null.bool` → true
`null.sexp` = `null.int` → true
`null.sexp` = `null.decimal` → true
`null.sexp` = `null.float` → true
`null.sexp` = `null.timestamp` → true
`null.sexp` = `null.string` → true
`null.sexp` = `null.symbol` → true
`null.sexp` = `null.blob` → true
`null.sexp` = `null.clob` → true
`null.sexp` = `null.struct` → true
`null.sexp` = `null.list` → true
`null.sexp` = `null.sexp` → true
`()` = `()` → true
`(cons 1 2)` = `(cons 1 2)` → true
`([hello] [there])` = `([hello] [there])` → true
`(a '+-' b)` = `(a '+-' b)` → true
`(a '+-' b)` = `(a '+-' b)` → true
`(a '+-' b)` = `(a '+-' b)` → true
`(a '+-' b)` = `(a '+-' b)` → true
`(a '.' b ';')` = `(a '.' b ';')` → true
`(a '.' b ';')` = `(a '.' b ';')` → true
`(a '.' b ';')` = `(a '.' b ';')` → true
`(a '.' b ';')` = `(a '.' b ';')` → true
`(a b)` = `(a b)` → true
`(a '\/*' word '*\/' b)` = `(a '\/*' word '*\/' b)` → true
`int32::12` = `int32::12` → true
`degrees::celsius::100` = `degrees::celsius::100` → true
`'my.custom.type'::{x: 12, y: -1}` = `'my.custom.type'::{x: 12, y: -1}` → true
`{field: some_annotation::value}` = `{field: some_annotation::value}` → true
`bool::null.int` = `bool::null.int` → true
`''::1` = `''::1` → true
