---
source: partiql-parser/src/lexer/mod.rs
expression: toks
---
(
[
{
}
]
)
<<
>>
;
,
<
>
<=
>=
!=
<>
=
==
-
+
*
?
%
/
^
.
||
:
--
/**/
|+|
<-
~
->
<~
~>
<-[
]-
~[
]~
-[
]->
<~[
]~>
<->
<-/
/-
~/
/~
-/
/->
<~/
/~>
<unquoted_ident:UNQUOTED_IDENT>
<quoted_ident:QUOTED_IDENT>
<unquoted_atident:UNQUOTED_ATIDENT>
<quoted_atident:QUOTED_ATIDENT>
WITH
WHERE
VALUE
USING
UNPIVOT
UNION
TRUE
SELECT
RIGHT
PRESERVE
PIVOT
OUTER
ORDER
OR
ON
OFFSET
NULLS
NULL
NOT
NATURAL
MISSING
LIMIT
LIKE
LEFT
LATERAL
LAST
JOIN
INTERSECT
IS
INNER
IN
HAVING
GROUP
FROM
FOR
FULL
FIRST
FALSE
EXCEPT
ESCAPE
DESC
CROSS
TABLE
TIME
TIMESTAMP
DATE
BY
BETWEEN
AT
AS
AND
ASC
ALL
VALUES
CASE
WHEN
THEN
ELSE
END
MATCH
ANY("ANY")
SIMPLE("SIMPLE")
ACYCLIC("ACYCLIC")
BINDINGS("BINDINGS")
BOUND("BOUND")
DESTINATION("DESTINATION")
DIFFERENT("DIFFERENT")
DIRECTED("DIRECTED")
EDGE("EDGE")
EDGES("EDGES")
ELEMENTS("ELEMENTS")
LABEL("LABEL")
LABELED("LABELED")
NODE("NODE")
PATHS("PATHS")
PROPERTIES("PROPERTIES")
PROPERTY("PROPERTY")
PROPERTYGRAPHCATALOG("PROPERTY_GRAPH_CATALOG")
PROPERTYGRAPHNAME("PROPERTY_GRAPH_NAME")
PROPERTYGRAPHSCHEMA("PROPERTY_GRAPH_SCHEMA")
RELATIONSHIP("RELATIONSHIP")
RELATIONSHIPS("RELATIONSHIPS")
SHORTEST("SHORTEST")
SINGLETONS("SINGLETONS")
STEP("STEP")
TABLES("TABLES")
TRAIL("TRAIL")
VERTEX("VERTEX")
WALK("WALK")
