---
source: partiql-ast/tests/pretty.rs
expression: doc
---
========================================================================================================================================================================================================
SELECT VALUE {'a':v.a, 'b':v.b} FROM [{'a':1, 'b':1}, {'a':2, 'b':2}] AS v
========================================================================================================================================================================================================

------------------------------------------------------------------------------------------------------------------------------------------------------------------------------------
SELECT VALUE { 'a': v.a, 'b': v.b } FROM [ { 'a': 1, 'b': 1 }, { 'a': 2, 'b': 2 } ] AS v

------------------------------------------------------------------------------------------------------------------------
SELECT VALUE { 'a': v.a, 'b': v.b } FROM [ { 'a': 1, 'b': 1 }, { 'a': 2, 'b': 2 } ] AS v

--------------------------------------------------------------------------------
SELECT VALUE { 'a': v.a, 'b': v.b } FROM [
    { 'a': 1, 'b': 1 },
    { 'a': 2, 'b': 2 }
  ] AS v

----------------------------------------
SELECT VALUE { 'a': v.a, 'b': v.b }
FROM [
    { 'a': 1, 'b': 1 },
    { 'a': 2, 'b': 2 }
  ] AS v

------------------------------
SELECT VALUE {
    'a': v.a,
    'b': v.b
  } FROM [
    { 'a': 1, 'b': 1 },
    { 'a': 2, 'b': 2 }
  ] AS v

--------------------
SELECT VALUE {
    'a': v.a,
    'b': v.b
  } FROM [
    { 'a': 1, 'b': 1
    },
    { 'a': 2, 'b': 2
    }
  ] AS v

----------
SELECT VALUE {
    'a': v.a,
    'b': v.b
  } FROM [
    {
      'a': 1,
      'b': 1
    },
    {
      'a': 2,
      'b': 2
    }
  ] AS v
