---
source: partiql-ast/tests/pretty.rs
expression: doc
---
========================================================================================================================================================================================================
substring('test', 100, 50)
========================================================================================================================================================================================================

------------------------------------------------------------------------------------------------------------------------------------------------------------------------------------
substring('test', 100, 50)

------------------------------------------------------------------------------------------------------------------------
substring('test', 100, 50)

--------------------------------------------------------------------------------
substring('test', 100, 50)

----------------------------------------
substring('test', 100, 50)

------------------------------
substring('test', 100, 50)

--------------------
substring('test',
  100, 50)

----------
substring('test',
  100, 50)
